// Jest Snapshot v1, https://goo.gl/fbAQLP

exports[`renders correctly 1`] = `
<Text
  className="text-typography-700 font-body text-base"
>
  Snapshot test!
</Text>
`;
