// Jest Snapshot v1, https://goo.gl/fbAQLP

exports[`renders correctly 1`] = `
<Text
  className="text-base leading-6"
  style={
    [
      {
        "color": "#09090b",
      },
      undefined,
    ]
  }
>
  Snapshot test!
</Text>
`;
